// Jest Snapshot v1, https://goo.gl/fbAQLP

exports[`PersonalFields renders and act correctly should render normally 1`] = `
<div
  className="wrapper"
>
  <div
    className="field_name"
  >
     
    Name
     
  </div>
  <textarea
    className="name"
    maxLength={5}
    minLength="5"
    onChange={[Function]}
    onKeyPress={[Function]}
    placeholder=""
    rows={1}
    value="Borat"
  />
  <div
    className="userlen"
  >
     
    
     
  </div>
</div>
`;
